node.exe : npm notice run sport-tracker@1.0.0 test
Au caractère Ligne:1 : 1
+ & "C:\Program Files\nodejs/node.exe" "C:\Users\soulg\AppData\Roaming\ ...
+ ~~~~~~~~~~~~~~~~~~~~~~~~~~~~~~~~~~~~~~~~~~~~~~~~~~~~~~~~~~~~~~~~~~~~~
    + CategoryInfo          : NotSpecified: (npm notice run sport-tracker@1.0.0 test:String) [], RemoteException
    + FullyQualifiedErrorId : NativeCommandError
 
npm notice run jest --runInBand --ci
FAIL scripts/validate-community.test.js
  ÔùÅ community content validation ÔÇ║ passes the repository community validator

    expect(received).toBe(expected) // Object.is equality

    Expected: 0
    Received: 1

    [0m [90m  9 |[39m     })[33m;[39m
     [90m 10 |[39m
    [31m[1m>[22m[39m[90m 11 |[39m     expect(result[33m.[39mstatus)[33m.[39mtoBe([35m0[39m)[33m;[39m
     [90m    |[39m                           [31m[1m^[22m[39m
     [90m 12 |[39m     expect(result[33m.[39mstderr)[33m.[39mtoBe([32m''[39m)[33m;[39m
     [90m 13 |[39m     expect(result[33m.[39mstdout)[33m.[39mtoContain([32m'Validation Community 
r├®ussie'[39m)[33m;[39m
     [90m 14 |[39m   })[33m;[39m[0m

      at Object.toBe (scripts/validate-community.test.js:11:27)

FAIL src/store/__tests__/communityStore.test.ts
  ÔùÅ communityStore ÔÇ║ keeps optional program metadata optional for legacy manifests

    expect(received).toEqual(expected) // deep equality

    Expected: {"author": "Life Sport Tracker", "daysCount": 2, "description": "Sans nouvelles m├®tadonn├®es.", "file": 
"legacy-program.json", "id": "legacy-program", "level": "D├®butant", "name": "Programme historique"}
    Received: undefined

    [0m [90m 162 |[39m     [36mconst[39m result [33m=[39m [36mawait[39m 
useCommunityStore[33m.[39mgetState()[33m.[39mfetchManifest()[33m;[39m
     [90m 163 |[39m
    [31m[1m>[22m[39m[90m 164 |[39m     
expect(result[33m?[39m[33m.[39mprograms[[35m0[39m])[33m.[39mtoEqual(legacyProgram)[33m;[39m
     [90m     |[39m                                 [31m[1m^[22m[39m
     [90m 165 |[39m   })[33m;[39m
     [90m 166 |[39m
     [90m 167 |[39m   it([32m'rejects malformed optional program metadata'[39m[33m,[39m [36masync[39m () 
[33m=>[39m {[0m

      at Object.toEqual (src/store/__tests__/communityStore.test.ts:164:33)
      at asyncGeneratorStep (node_modules/@babel/runtime/helpers/asyncToGenerator.js:3:17)
      at _next (node_modules/@babel/runtime/helpers/asyncToGenerator.js:17:9)

PASS src/components/session/__tests__/RestTimerModal.test.tsx
PASS src/components/ui/__tests__/AppDialog.test.tsx
PASS src/components/ui/__tests__/Button.test.tsx
PASS src/components/programs/__tests__/ProgramCard.test.tsx
PASS src/components/ui/__tests__/TextInput.test.tsx
PASS src/components/ui/__tests__/EmptyState.test.tsx
PASS src/components/progress/__tests__/VolumeChart.test.tsx
PASS src/components/progress/__tests__/WeightChart.test.tsx
PASS src/hooks/__tests__/useRestTimer.test.tsx
PASS src/hooks/__tests__/useProgressData.test.tsx
PASS scripts/__tests__/offNormalize.test.js
PASS src/store/__tests__/programStore.test.ts
PASS src/lib/__tests__/exerciseRelations.test.ts
PASS src/lib/__tests__/profileBackup.test.ts
PASS src/store/__tests__/languageStore.test.ts
PASS src/store/__tests__/activeSessionStore.test.ts
PASS src/store/__tests__/foodStore.test.ts
PASS src/lib/__tests__/performanceNotifications.test.ts
PASS src/store/__tests__/themeStore.test.ts
PASS src/store/__tests__/sessionStore.test.ts
PASS src/lib/__tests__/importLimits.test.ts
PASS src/lib/__tests__/nutritionCalc.test.ts
PASS src/store/__tests__/exerciseCatalogStore.test.ts
PASS src/lib/__tests__/performanceEngine.test.ts
PASS src/lib/__tests__/foodValidation.test.ts
PASS src/i18n/__tests__/translations.test.ts
PASS src/store/__tests__/bodyWeightStore.test.ts
PASS src/lib/__tests__/aiProgramPrompt.test.ts
PASS src/lib/__tests__/foodCsv.test.ts
PASS src/constants/__tests__/equipmentProfiles.test.ts

Summary of all failing tests
FAIL scripts/validate-community.test.js
  ÔùÅ community content validation ÔÇ║ passes the repository community validator

    expect(received).toBe(expected) // Object.is equality

    Expected: 0
    Received: 1

    [0m [90m  9 |[39m     })[33m;[39m
     [90m 10 |[39m
    [31m[1m>[22m[39m[90m 11 |[39m     expect(result[33m.[39mstatus)[33m.[39mtoBe([35m0[39m)[33m;[39m
     [90m    |[39m                           [31m[1m^[22m[39m
     [90m 12 |[39m     expect(result[33m.[39mstderr)[33m.[39mtoBe([32m''[39m)[33m;[39m
     [90m 13 |[39m     expect(result[33m.[39mstdout)[33m.[39mtoContain([32m'Validation Community 
r├®ussie'[39m)[33m;[39m
     [90m 14 |[39m   })[33m;[39m[0m

      at Object.toBe (scripts/validate-community.test.js:11:27)

FAIL src/store/__tests__/communityStore.test.ts
  ÔùÅ communityStore ÔÇ║ keeps optional program metadata optional for legacy manifests

    expect(received).toEqual(expected) // deep equality

    Expected: {"author": "Life Sport Tracker", "daysCount": 2, "description": "Sans nouvelles m├®tadonn├®es.", "file": 
"legacy-program.json", "id": "legacy-program", "level": "D├®butant", "name": "Programme historique"}
    Received: undefined

    [0m [90m 162 |[39m     [36mconst[39m result [33m=[39m [36mawait[39m 
useCommunityStore[33m.[39mgetState()[33m.[39mfetchManifest()[33m;[39m
     [90m 163 |[39m
    [31m[1m>[22m[39m[90m 164 |[39m     
expect(result[33m?[39m[33m.[39mprograms[[35m0[39m])[33m.[39mtoEqual(legacyProgram)[33m;[39m
     [90m     |[39m                                 [31m[1m^[22m[39m
     [90m 165 |[39m   })[33m;[39m
     [90m 166 |[39m
     [90m 167 |[39m   it([32m'rejects malformed optional program metadata'[39m[33m,[39m [36masync[39m () 
[33m=>[39m {[0m

      at Object.toEqual (src/store/__tests__/communityStore.test.ts:164:33)
      at asyncGeneratorStep (node_modules/@babel/runtime/helpers/asyncToGenerator.js:3:17)
      at _next (node_modules/@babel/runtime/helpers/asyncToGenerator.js:17:9)


Test Suites: 2 failed, 30 passed, 32 total
Tests:       2 failed, 197 passed, 199 total
Snapshots:   0 total
Time:        7.921 s
Ran all test suites.
